C51 COMPILER V9.50a   U1                                                                   03/24/2016 14:45:42 PAGE 1   


C51 COMPILER V9.50a, COMPILATION OF MODULE U1
OBJECT MODULE PLACED IN u1.OBJ
COMPILER INVOKED BY: C:\Keil4\C51\BIN\C51.EXE u1.c BROWSE DEBUG OBJECTEXTEND TABS(2)

line level    source

   1          #include<reg51.h>
   2          #include "delay.h"
   3          #include "uart.h"
   4          #include "lcd8bit.h"
   5          
   6          main()
   7          {
   8   1      unsigned char temp;
   9   1      uart_init();
  10   1      lcd_init();
  11   1      
  12   1      
  13   1        while(1)
  14   1        {
  15   2          temp=uart_rx();
  16   2          uart_tx(temp);
  17   2          lcd_data(temp);
  18   2        }
  19   1      }


MODULE INFORMATION:   STATIC OVERLAYABLE
   CODE SIZE        =   1614    ----
   CONSTANT SIZE    =   ----    ----
   XDATA SIZE       =   ----    ----
   PDATA SIZE       =   ----    ----
   DATA SIZE        =   ----      38
   IDATA SIZE       =   ----    ----
   BIT SIZE         =   ----    ----
END OF MODULE INFORMATION.


C51 COMPILATION COMPLETE.  0 WARNING(S),  0 ERROR(S)
