<html>
<body>
<pre>
<h1>µVision Build Log</h1>
<h2>Project:</h2>
V:\abhyuday\vector\ARM\lacture\lacture.uvproj
Project File Date:  04/13/2016

<h2>Output:</h2>
Build target 'Target 1'
assembling Startup.s...
compiling p1.c...
delay.h(6): warning:  #1-D: last line of file ends without a newline
p1.c(22): warning:  #1-D: last line of file ends without a newline
linking...
Program Size: Code=1236 RO-data=16 RW-data=0 ZI-data=1256  
"lacture.axf" - 0 Error(s), 2 Warning(s).
Build target 'Target 1'
compiling p1.c...
delay.h(6): warning:  #1-D: last line of file ends without a newline
linking...
Program Size: Code=1236 RO-data=16 RW-data=0 ZI-data=1256  
"lacture.axf" - 0 Error(s), 1 Warning(s).
Rebuild target 'Target 1'
assembling Startup.s...
compiling p1.c...
delay.h(6): warning:  #1-D: last line of file ends without a newline
linking...
Program Size: Code=1236 RO-data=16 RW-data=0 ZI-data=1256  
"lacture.axf" - 0 Error(s), 1 Warning(s).
Build target 'Target 1'
compiling p1.c...
linking...
Program Size: Code=1236 RO-data=16 RW-data=0 ZI-data=1256  
"lacture.axf" - 0 Error(s), 0 Warning(s).
Rebuild target 'Target 1'
assembling Startup.s...
compiling p1.c...
linking...
Program Size: Code=1236 RO-data=16 RW-data=0 ZI-data=1256  
"lacture.axf" - 0 Error(s), 0 Warning(s).
Build target 'Target 1'
compiling p1.c...
linking...
Program Size: Code=1240 RO-data=16 RW-data=0 ZI-data=1256  
"lacture.axf" - 0 Error(s), 0 Warning(s).
Rebuild target 'Target 1'
assembling Startup.s...
compiling p1.c...
linking...
Program Size: Code=1240 RO-data=16 RW-data=0 ZI-data=1256  
"lacture.axf" - 0 Error(s), 0 Warning(s).
Build target 'Target 1'
linking...
Program Size: Code=1240 RO-data=16 RW-data=0 ZI-data=1256  
FromELF: creating hex file...
"lacture.axf" - 0 Error(s), 0 Warning(s).
Rebuild target 'Target 1'
assembling Startup.s...
compiling p1.c...
linking...
Program Size: Code=1240 RO-data=16 RW-data=0 ZI-data=1256  
FromELF: creating hex file...
"lacture.axf" - 0 Error(s), 0 Warning(s).
Build target 'Target 1'
assembling Startup.s...
compiling p1.c...
linking...
Program Size: Code=1240 RO-data=16 RW-data=0 ZI-data=1256  
FromELF: creating hex file...
"C:\Documents and Settings\TEMP.VECTORINDIA.039\Desktop\lacture.axf" - 0 Error(s), 0 Warning(s).
Rebuild target 'Target 1'
assembling Startup.s...
compiling p1.c...
linking...
Program Size: Code=1240 RO-data=16 RW-data=0 ZI-data=1256  
FromELF: creating hex file...
"C:\Documents and Settings\TEMP.VECTORINDIA.039\Desktop\lacture.axf" - 0 Error(s), 0 Warning(s).
Build target 'Target 1'
assembling Startup.s...
compiling p1.c...
linking...
Program Size: Code=1240 RO-data=16 RW-data=0 ZI-data=1256  
FromELF: creating hex file...
"C:\v15be5a1\lacture.axf" - 0 Error(s), 0 Warning(s).
Rebuild target 'Target 1'
assembling Startup.s...
compiling p1.c...
linking...
Program Size: Code=1240 RO-data=16 RW-data=0 ZI-data=1256  
FromELF: creating hex file...
"C:\v15be5a1\lacture.axf" - 0 Error(s), 0 Warning(s).
Build target 'Target 1'
compiling p1.c...
p1.c(7): error:  #29: expected an expression
p1.c(11): error:  #29: expected an expression
p1.c(15): error:  #29: expected an expression
Target not created
Build target 'Target 1'
compiling p1.c...
linking...
Program Size: Code=1240 RO-data=16 RW-data=0 ZI-data=1256  
FromELF: creating hex file...
"C:\v15be5a1\lacture.axf" - 0 Error(s), 0 Warning(s).
Rebuild target 'Target 1'
assembling Startup.s...
compiling p1.c...
linking...
Program Size: Code=1240 RO-data=16 RW-data=0 ZI-data=1256  
FromELF: creating hex file...
"C:\v15be5a1\lacture.axf" - 0 Error(s), 0 Warning(s).
Build target 'Target 1'
compiling lcd.c...
lcd8bit.h(7): error:  #137: expression must be a modifiable lvalue
lcd8bit.h(8): error:  #137: expression must be a modifiable lvalue
lcd8bit.h(10): error:  #137: expression must be a modifiable lvalue
lcd8bit.h(14): error:  #137: expression must be a modifiable lvalue
lcd8bit.h(19): error:  #137: expression must be a modifiable lvalue
lcd8bit.h(55): warning:  #186-D: pointless comparison of unsigned integer with zero
Target not created
Build target 'Target 1'
compiling lcd.c...
lcd8bit.h(7): error:  #137: expression must be a modifiable lvalue
lcd8bit.h(8): error:  #137: expression must be a modifiable lvalue
lcd8bit.h(10): error:  #137: expression must be a modifiable lvalue
lcd8bit.h(14): error:  #137: expression must be a modifiable lvalue
lcd8bit.h(19): error:  #137: expression must be a modifiable lvalue
lcd8bit.h(55): warning:  #186-D: pointless comparison of unsigned integer with zero
Target not created
Build target 'Target 1'
compiling lcd.c...
lcd8bit.h(14): error:  #20: identifier "IOSET" is undefined
lcd8bit.h(55): warning:  #186-D: pointless comparison of unsigned integer with zero
Target not created
Build target 'Target 1'
compiling lcd.c...
lcd8bit.h(55): warning:  #186-D: pointless comparison of unsigned integer with zero
linking...
Program Size: Code=3708 RO-data=16 RW-data=0 ZI-data=1256  
FromELF: creating hex file...
"C:\v15be5a1\lacture.axf" - 0 Error(s), 1 Warning(s).
Rebuild target 'Target 1'
assembling Startup.s...
compiling lcd.c...
lcd8bit.h(55): warning:  #186-D: pointless comparison of unsigned integer with zero
linking...
Program Size: Code=3708 RO-data=16 RW-data=0 ZI-data=1256  
FromELF: creating hex file...
"C:\v15be5a1\lacture.axf" - 0 Error(s), 1 Warning(s).
Build target 'Target 1'
linking...
Program Size: Code=3708 RO-data=16 RW-data=0 ZI-data=1256  
FromELF: creating hex file...
"C:\v15be5a1\lacture.axf" - 0 Error(s), 0 Warning(s).
Rebuild target 'Target 1'
assembling Startup.s...
compiling lcd.c...
lcd8bit.h(55): warning:  #186-D: pointless comparison of unsigned integer with zero
linking...
Program Size: Code=3708 RO-data=16 RW-data=0 ZI-data=1256  
FromELF: creating hex file...
"C:\v15be5a1\lacture.axf" - 0 Error(s), 1 Warning(s).
Build target 'Target 1'
linking...
Program Size: Code=3708 RO-data=16 RW-data=0 ZI-data=1256  
FromELF: creating hex file...
"C:\v15be5a1\lacture.axf" - 0 Error(s), 0 Warning(s).
Rebuild target 'Target 1'
assembling Startup.s...
compiling lcd.c...
lcd8bit.h(55): warning:  #186-D: pointless comparison of unsigned integer with zero
linking...
Program Size: Code=3708 RO-data=16 RW-data=0 ZI-data=1256  
FromELF: creating hex file...
"C:\v15be5a1\lacture.axf" - 0 Error(s), 1 Warning(s).
Build target 'Target 1'
compiling lcd.c...
lcd8bit.h(55): warning:  #186-D: pointless comparison of unsigned integer with zero
linking...
Program Size: Code=3708 RO-data=16 RW-data=0 ZI-data=1256  
FromELF: creating hex file...
"C:\v15be5a1\lacture.axf" - 0 Error(s), 1 Warning(s).
Rebuild target 'Target 1'
assembling Startup.s...
compiling lcd.c...
lcd8bit.h(55): warning:  #186-D: pointless comparison of unsigned integer with zero
linking...
Program Size: Code=3708 RO-data=16 RW-data=0 ZI-data=1256  
FromELF: creating hex file...
"C:\v15be5a1\lacture.axf" - 0 Error(s), 1 Warning(s).
Build target 'Target 1'
compiling lcd.c...
lcd8bit.h(5): error:  #18: expected a ")"
lcd8bit.h(5): error:  #141-D: unnamed prototyped parameters not allowed when body is present
lcd8bit.h(7): error:  #20: identifier "val" is undefined
lcd8bit.h(55): warning:  #186-D: pointless comparison of unsigned integer with zero
Target not created
Build target 'Target 1'
compiling lcd.c...
lcd8bit.h(55): warning:  #186-D: pointless comparison of unsigned integer with zero
linking...
Program Size: Code=3708 RO-data=16 RW-data=0 ZI-data=1256  
FromELF: creating hex file...
"C:\v15be5a1\lacture.axf" - 0 Error(s), 1 Warning(s).
Rebuild target 'Target 1'
assembling Startup.s...
compiling lcd.c...
lcd8bit.h(55): warning:  #186-D: pointless comparison of unsigned integer with zero
linking...
Program Size: Code=3708 RO-data=16 RW-data=0 ZI-data=1256  
FromELF: creating hex file...
"C:\v15be5a1\lacture.axf" - 0 Error(s), 1 Warning(s).
Build target 'Target 1'
compiling lcd.c...
lcd8bit.h(55): warning:  #186-D: pointless comparison of unsigned integer with zero
linking...
Program Size: Code=3712 RO-data=16 RW-data=0 ZI-data=1256  
FromELF: creating hex file...
"C:\v15be5a1\lacture.axf" - 0 Error(s), 1 Warning(s).
Rebuild target 'Target 1'
assembling Startup.s...
compiling lcd.c...
lcd8bit.h(55): warning:  #186-D: pointless comparison of unsigned integer with zero
linking...
Program Size: Code=3712 RO-data=16 RW-data=0 ZI-data=1256  
FromELF: creating hex file...
"C:\v15be5a1\lacture.axf" - 0 Error(s), 1 Warning(s).
Build target 'Target 1'
compiling lcd.c...
lcd8bit.h(55): warning:  #186-D: pointless comparison of unsigned integer with zero
linking...
Program Size: Code=3712 RO-data=16 RW-data=0 ZI-data=1256  
FromELF: creating hex file...
"C:\v15be5a1\lacture.axf" - 0 Error(s), 1 Warning(s).
Rebuild target 'Target 1'
assembling Startup.s...
compiling lcd.c...
lcd8bit.h(55): warning:  #186-D: pointless comparison of unsigned integer with zero
linking...
Program Size: Code=3712 RO-data=16 RW-data=0 ZI-data=1256  
FromELF: creating hex file...
"C:\v15be5a1\lacture.axf" - 0 Error(s), 1 Warning(s).
Build target 'Target 1'
compiling lcd.c...
lcd8bit.h(55): warning:  #186-D: pointless comparison of unsigned integer with zero
linking...
Program Size: Code=3708 RO-data=16 RW-data=0 ZI-data=1256  
FromELF: creating hex file...
"C:\v15be5a1\lacture.axf" - 0 Error(s), 1 Warning(s).
Rebuild target 'Target 1'
assembling Startup.s...
compiling lcd.c...
lcd8bit.h(55): warning:  #186-D: pointless comparison of unsigned integer with zero
linking...
Program Size: Code=3708 RO-data=16 RW-data=0 ZI-data=1256  
FromELF: creating hex file...
"C:\v15be5a1\lacture.axf" - 0 Error(s), 1 Warning(s).
Build target 'Target 1'
compiling lcd.c...
lcd8bit.h(55): warning:  #186-D: pointless comparison of unsigned integer with zero
linking...
Program Size: Code=3708 RO-data=16 RW-data=0 ZI-data=1256  
FromELF: creating hex file...
"C:\v15be5a1\lacture.axf" - 0 Error(s), 1 Warning(s).
Rebuild target 'Target 1'
assembling Startup.s...
compiling lcd.c...
lcd8bit.h(55): warning:  #186-D: pointless comparison of unsigned integer with zero
linking...
Program Size: Code=3708 RO-data=16 RW-data=0 ZI-data=1256  
FromELF: creating hex file...
"C:\v15be5a1\lacture.axf" - 0 Error(s), 1 Warning(s).
